// Jest Snapshot v1, https://goo.gl/fbAQLP

exports[`<NoData /> should render error component 1`] = `
<DocumentFragment>
  <div
    class="no-data-item-wrapper"
    data-testid="no-data-item-container"
  >
    <p
      class="no-data-text"
      data-testid="no-data-item"
    >
      No valid data found.
    </p>
    <span
      class="no-data-description"
      data-testid="no-data-description"
    >
      Default date range is last 30 min. You're observing this message means there were no any activity for last 30 min. Refresh page or select any specified date range to display data.
    </span>
  </div>
</DocumentFragment>
`;
