// Jest Snapshot v1, https://goo.gl/fbAQLP

exports[`<NoData /> should render error component 1`] = `
<DocumentFragment>
  <div
    class="item-wrapper"
    data-testid="no-data-item-wrapper"
  >
    <p
      class="no-data-text"
      data-testid="no-data-item"
    >
      No valid data found.
    </p>
  </div>
</DocumentFragment>
`;
