// Jest Snapshot v1, https://goo.gl/fbAQLP

exports[`<DateTimePickers /> should render date-time-pickers 1`] = `
<DocumentFragment>
  <div
    class="MuiGrid-root makeStyles-datePickerContainer-1 MuiGrid-container MuiGrid-spacing-xs-2"
  >
    <div
      class="MuiGrid-root MuiGrid-item MuiGrid-grid-sm-12 MuiGrid-grid-md-6"
    >
      <div
        class="MuiInputBase-root MuiInput-root MuiInput-underline makeStyles-textField-2"
        role="input"
      >
        <input
          class="MuiInputBase-input MuiInput-input"
          id="start_date"
          type="text"
          value="2020/05/09 02:07"
        />
      </div>
    </div>
    <div
      class="MuiGrid-root MuiGrid-item MuiGrid-grid-sm-12 MuiGrid-grid-md-6"
    >
      <div
        class="MuiInputBase-root MuiInput-root MuiInput-underline makeStyles-textField-2"
        role="input"
      >
        <input
          class="MuiInputBase-input MuiInput-input"
          id="end_date"
          type="text"
          value="2020/05/09 02:37"
        />
      </div>
    </div>
  </div>
</DocumentFragment>
`;
