// Jest Snapshot v1, https://goo.gl/fbAQLP

exports[`<NoData /> should render error component 1`] = `
<DocumentFragment>
  <div
    class="loading-wrapper"
    data-testid="error-component"
  >
    <p
      data-testid="error-text"
    >
      Error. please try again later !
    </p>
  </div>
</DocumentFragment>
`;
