// Jest Snapshot v1, https://goo.gl/fbAQLP

exports[`<Dashboard/> should render with redux 1`] = `
<DocumentFragment>
   
  <div
    class="dashboard-wrapper"
  >
    <h2>
      Performance Metrics !
    </h2>
    <div
      class="date-picker-wrapper"
    >
      <div
        class="makeStyles-container-1"
      >
        <div
          class="MuiInputBase-root MuiInput-root MuiInput-underline makeStyles-textField-2"
          role="input"
        >
          <input
            class="MuiInputBase-input MuiInput-input"
            id="start_date"
            type="text"
            value="2021/05/08 23:11"
          />
        </div>
        <div
          class="MuiInputBase-root MuiInput-root MuiInput-underline makeStyles-textField-2"
          role="input"
        >
          <input
            class="MuiInputBase-input MuiInput-input"
            id="end_date"
            type="text"
            value="2021/05/08 23:41"
          />
        </div>
      </div>
      <button
        class="button"
        data-testid="filter-button"
        type="button"
      >
        FILTER
      </button>
      <button
        class="button"
        data-testid="reset-button"
        type="button"
      >
        RESET
      </button>
    </div>
    <div
      class="loading-wrapper"
      data-testid="loading-wrapper"
    >
      <div
        class="lds-dual-ring"
        data-testid="loading-inner"
      />
      <span
        data-testid="loading-text"
      >
        Loading.
      </span>
    </div>
  </div>
   
</DocumentFragment>
`;
