// Jest Snapshot v1, https://goo.gl/fbAQLP

exports[`<ActionButtons /> should render action-buttons 1`] = `
<DocumentFragment>
  <button
    class="button"
    data-testid="filter-button"
    type="button"
  >
    FILTER
  </button>
  <button
    class="button"
    data-testid="reset-button"
    type="button"
  >
    RESET
  </button>
</DocumentFragment>
`;
